// Jest Snapshot v1, https://goo.gl/fbAQLP

exports[`Footer matches snapshot 1`] = `
<DocumentFragment>
  <footer>
    <div
      class="container"
    >
      <a
        href="https://github.com/cstroliadavis"
        target="github"
      >
        <img
          alt="Github Profile"
          src="GitHub-Mark-120px-plus.png"
        />
      </a>
      <a
        href="https://www.linkedin.com/in/cstroliadavis/"
        target="linkedin"
      >
        <img
          alt="Linked in Profile"
          src="In-Blue-128.png"
        />
      </a>
      <a
        href="https://medium.com/@cstroliadavis"
        target="medium"
      >
        <img
          alt="Medium Profile"
          src="Medium-Symbol-Black-RGB@1x.png"
        />
      </a>
    </div>
  </footer>
</DocumentFragment>
`;
